<html>
<body>
<pre>
<h1>µVision Build Log</h1>
<h2>Project:</h2>
C:\Keil\Labware\Lab15_connectfour_2players\SpaceInvaders.uvproj
Project File Date:  06/05/2018

<h2>Output:</h2>
Build target 'SpaceInvaders'
linking...
Program Size: Code=7812 RO-data=3020 RW-data=136 ZI-data=1896  
".\SpaceInvaders.axf" - 0 Error(s), 0 Warning(s).
</pre>
</body>
</html>
(696): warning:  #1-D: last line of file ends without a newline
  }
connect4.c: 1 warning, 0 errors
linking...
Program Size: Code=7812 RO-data=3020 RW-data=136 ZI-data=1896  
".\SpaceInvaders.axf" - 0 Error(s), 1 Warning(s).
